Collected: remain=2081.24, spent=739.07
To https://github.com/labradorsedsota/api-balance-dashboard.git
   a65f81c..a287c79  main -> main
2026-06-18T16:30:38+0800 pushed OK
Collected: remain=2056.32, spent=763.98
To https://github.com/labradorsedsota/api-balance-dashboard.git
   a287c79..b40f689  main -> main
2026-06-18T20:00:28+0800 pushed OK
Collected: remain=2050.59, spent=769.72
To https://github.com/labradorsedsota/api-balance-dashboard.git
   b40f689..5cda8b7  main -> main
2026-06-19T02:00:28+0800 pushed OK
Collected: remain=2046.78, spent=773.52
fatal: unable to access 'https://github.com/labradorsedsota/api-balance-dashboard.git/': Failed to connect to github.com port 443 after 75002 ms: Couldn't connect to server
2026-06-19T08:02:15+0800 ERROR: git push failed
Collected: remain=2040.42, spent=779.88
To https://github.com/labradorsedsota/api-balance-dashboard.git
   5cda8b7..8f91da8  main -> main
2026-06-19T14:00:30+0800 pushed OK
Collected: remain=2036.23, spent=784.07
To https://github.com/labradorsedsota/api-balance-dashboard.git
   8f91da8..609e42e  main -> main
2026-06-19T20:00:58+0800 pushed OK
Collected: remain=2032.43, spent=787.87
fatal: unable to access 'https://github.com/labradorsedsota/api-balance-dashboard.git/': Recv failure: Operation timed out
2026-06-20T02:02:11+0800 ERROR: git push failed
Collected: remain=2028.53, spent=791.78
fatal: unable to access 'https://github.com/labradorsedsota/api-balance-dashboard.git/': Failed to connect to github.com port 443 after 75088 ms: Couldn't connect to server
2026-06-20T08:01:40+0800 ERROR: git push failed
Collected: remain=2023.83, spent=796.48
To https://github.com/labradorsedsota/api-balance-dashboard.git
   609e42e..19a9d8a  main -> main
2026-06-20T14:00:31+0800 pushed OK
Collected: remain=2019.71, spent=800.60
fatal: unable to access 'https://github.com/labradorsedsota/api-balance-dashboard.git/': Error in the HTTP2 framing layer
2026-06-20T20:01:58+0800 ERROR: git push failed
Collected: remain=2015.81, spent=804.49
To https://github.com/labradorsedsota/api-balance-dashboard.git
   19a9d8a..386186d  main -> main
2026-06-21T02:00:31+0800 pushed OK
Collected: remain=2011.99, spent=808.31
fatal: unable to access 'https://github.com/labradorsedsota/api-balance-dashboard.git/': Failed to connect to github.com port 443 after 75002 ms: Couldn't connect to server
2026-06-21T08:02:15+0800 ERROR: git push failed
Collected: remain=2007.36, spent=812.94
To https://github.com/labradorsedsota/api-balance-dashboard.git
   386186d..d34df2d  main -> main
2026-06-21T14:00:33+0800 pushed OK
Collected: remain=2003.23, spent=817.08
fatal: unable to access 'https://github.com/labradorsedsota/api-balance-dashboard.git/': Error in the HTTP2 framing layer
2026-06-21T20:02:03+0800 ERROR: git push failed
Collected: remain=1998.96, spent=821.35
To https://github.com/labradorsedsota/api-balance-dashboard.git
   d34df2d..d758030  main -> main
2026-06-22T02:00:33+0800 pushed OK
Collected: remain=1995.08, spent=825.22
fatal: unable to access 'https://github.com/labradorsedsota/api-balance-dashboard.git/': Failed to connect to github.com port 443 after 75019 ms: Couldn't connect to server
2026-06-22T08:01:48+0800 ERROR: git push failed
